[SYNAPSE] [PM 5:31:06] [INFO] [v0.3.30] ProjectMetadata loaded: synapse-demo (proj_1781250499404_3tskth)
[SYNAPSE] [PM 5:31:06] [INFO] [SynapseIgnore] Loaded 0 patterns from .synapseignore
[SYNAPSE] [PM 5:31:06] [INFO] [v0.3.30] Runtime initialization started
[SYNAPSE] [PM 5:31:06] [INFO] [v0.3.30] Step 1/4: Loading Project Metadata...
[SYNAPSE] [PM 5:31:06] [INFO] [v0.3.30] ProjectMetadata loaded: synapse-demo (proj_1781250499404_3tskth)
[SYNAPSE] [PM 5:31:06] [INFO] [v0.3.30] Step 2/4: Loading Symbol Index...
[SYNAPSE] [PM 5:31:06] [INFO] [v0.3.30] Step 3/4: Initializing Identity Manager...
[SYNAPSE] [PM 5:31:06] [INFO] [v0.3.30] Step 4/4: Initializing Session Manager...
[SYNAPSE] [PM 5:31:06] [INFO] [v0.3.30] Runtime ready for project: synapse-demo (proj_1781250499404_3tskth)
[SYNAPSE] [PM 5:31:06] [INFO] [v0.3.30] Accounts loaded: 0 (schema v2)
[SYNAPSE] [PM 5:31:06] [INFO] [MountManager] Mount root: /home/dogsinatas/TypeScript_project/antigravity-extension-vis/.synapse/mnt
[SYNAPSE] [PM 5:31:06] [INFO] [ClientPush] Restored 0 client push cache(s)
🚀 SYNAPSE Standalone Dev Server starting...
📂 Root: /home/dogsinatas/TypeScript_project/antigravity-extension-vis
🏷️  Server: antigravity-extension-vis
🆔 UUID: proj_1781250499404_3tskth
🔌 Port: 3000
📄 State: /home/dogsinatas/TypeScript_project/antigravity-extension-vis/data/project_state.json

✅ Standalone API server running at http://127.0.0.1:3000
ℹ️  API only — no browser UI served.


🚨 [CHAOS] Simulating crash: OOM



<--- Last few GCs --->

[97481:0x1874d000]     8114 ms: Scavenge 3743.3 (4106.5) -> 3740.7 (4201.5) MB, pooled: 0 MB, 17.25 / 0.00 ms  (average mu = 0.584, current mu = 0.400) allocation failure; 
[97481:0x1874d000]     8426 ms: Mark-Compact 3803.7 (4201.5) -> 3798.1 (4265.0) MB, pooled: 0 MB, 298.23 / 0.00 ms  (average mu = 0.475, current mu = 0.252) allocation failure; scavenge might not succeed

FATAL ERROR: Reached heap limit Allocation failed - JavaScript heap out of memory
----- Native stack trace -----

 1: 0x73f8c4 node::OOMErrorHandler(char const*, v8::OOMDetails const&) [node]
 2: 0xc06f90  [node]
 3: 0xc0707f  [node]
 4: 0xeaa885  [node]
 5: 0xebc1ec  [node]
 6: 0xe916a3  [node]
 7: 0xe671b0  [node]
 8: 0x135ea08  [node]
 9: 0x7fc993e769b6 
Aborted (core dumped)
