--- Tier B-5: 24h Soak Test Script ---
Soak test started. Logging to /home/dogsinatas/TypeScript_project/antigravity-extension-vis/data/soak_metrics.csv every 1 minute.
Random load: 1 Ping/sec, 1 Snapshot/10s, 1 Harvest/30s.
[2026-06-24T08:28:12.830Z] Telemetry Appended: Heap=124.67MB, Ping P99=2.37ms, Snap P99=1.48ms
[2026-06-24T08:29:12.831Z] Telemetry Appended: Heap=125.06MB, Ping P99=2.06ms, Snap P99=1.95ms
[2026-06-24T08:30:12.833Z] Telemetry Appended: Heap=125.39MB, Ping P99=2.17ms, Snap P99=2.27ms
[2026-06-24T08:31:12.836Z] Telemetry Appended: Heap=125.74MB, Ping P99=2.26ms, Snap P99=2.27ms
[2026-06-24T08:32:12.839Z] Telemetry Appended: Heap=125.21MB, Ping P99=2.70ms, Snap P99=2.41ms
[2026-06-24T08:33:12.842Z] Telemetry Appended: Heap=125.54MB, Ping P99=2.19ms, Snap P99=2.33ms
[2026-06-24T08:34:12.848Z] Telemetry Appended: Heap=125.86MB, Ping P99=2.04ms, Snap P99=2.13ms
[2026-06-24T08:35:12.848Z] Telemetry Appended: Heap=126.33MB, Ping P99=2.09ms, Snap P99=3.12ms
[2026-06-24T08:36:12.846Z] Telemetry Appended: Heap=126.09MB, Ping P99=2.00ms, Snap P99=1.89ms
[2026-06-24T08:37:12.850Z] Telemetry Appended: Heap=126.34MB, Ping P99=1.75ms, Snap P99=2.14ms
[2026-06-24T08:38:12.855Z] Telemetry Appended: Heap=126.58MB, Ping P99=1.79ms, Snap P99=2.19ms
[2026-06-24T08:39:12.856Z] Telemetry Appended: Heap=126.80MB, Ping P99=1.85ms, Snap P99=2.04ms
[2026-06-24T08:40:12.855Z] Telemetry Appended: Heap=126.20MB, Ping P99=1.75ms, Snap P99=1.90ms
[2026-06-24T08:41:12.860Z] Telemetry Appended: Heap=126.39MB, Ping P99=1.74ms, Snap P99=1.61ms
[2026-06-24T08:42:12.865Z] Telemetry Appended: Heap=126.60MB, Ping P99=1.79ms, Snap P99=1.81ms
[2026-06-24T08:43:12.867Z] Telemetry Appended: Heap=126.81MB, Ping P99=1.73ms, Snap P99=1.74ms
[2026-06-24T08:44:12.869Z] Telemetry Appended: Heap=126.97MB, Ping P99=1.79ms, Snap P99=1.97ms
[2026-06-24T08:45:12.872Z] Telemetry Appended: Heap=126.38MB, Ping P99=1.77ms, Snap P99=1.91ms
[2026-06-24T08:46:12.878Z] Telemetry Appended: Heap=126.40MB, Ping P99=1.74ms, Snap P99=1.71ms
[2026-06-24T08:47:12.880Z] Telemetry Appended: Heap=126.44MB, Ping P99=1.73ms, Snap P99=1.77ms
[2026-06-24T08:48:12.884Z] Telemetry Appended: Heap=126.49MB, Ping P99=1.60ms, Snap P99=1.37ms
[2026-06-24T08:49:12.882Z] Telemetry Appended: Heap=126.56MB, Ping P99=1.71ms, Snap P99=1.52ms
[2026-06-24T08:50:12.888Z] Telemetry Appended: Heap=126.61MB, Ping P99=1.55ms, Snap P99=1.73ms
[2026-06-24T08:51:12.891Z] Telemetry Appended: Heap=126.66MB, Ping P99=1.74ms, Snap P99=1.68ms
[2026-06-24T08:52:12.894Z] Telemetry Appended: Heap=126.70MB, Ping P99=1.50ms, Snap P99=1.68ms
[2026-06-24T08:53:12.896Z] Telemetry Appended: Heap=126.75MB, Ping P99=1.77ms, Snap P99=1.76ms
[2026-06-24T08:54:12.896Z] Telemetry Appended: Heap=126.79MB, Ping P99=1.47ms, Snap P99=1.65ms
[2026-06-24T08:55:12.900Z] Telemetry Appended: Heap=126.84MB, Ping P99=1.29ms, Snap P99=1.79ms
[2026-06-24T08:56:12.902Z] Telemetry Appended: Heap=126.89MB, Ping P99=1.71ms, Snap P99=1.70ms
[2026-06-24T08:57:12.907Z] Telemetry Appended: Heap=126.95MB, Ping P99=1.72ms, Snap P99=1.95ms
[2026-06-24T08:58:12.907Z] Telemetry Appended: Heap=127.00MB, Ping P99=1.73ms, Snap P99=2.01ms
[2026-06-24T08:59:12.911Z] Telemetry Appended: Heap=127.04MB, Ping P99=1.76ms, Snap P99=2.02ms
[2026-06-24T09:00:12.916Z] Telemetry Appended: Heap=127.09MB, Ping P99=1.67ms, Snap P99=1.66ms
[2026-06-24T09:01:12.919Z] Telemetry Appended: Heap=127.16MB, Ping P99=1.67ms, Snap P99=1.50ms
[2026-06-24T09:02:12.922Z] Telemetry Appended: Heap=127.18MB, Ping P99=1.69ms, Snap P99=1.56ms
[2026-06-24T09:03:12.921Z] Telemetry Appended: Heap=127.23MB, Ping P99=1.74ms, Snap P99=1.74ms
[2026-06-24T09:04:12.928Z] Telemetry Appended: Heap=127.27MB, Ping P99=1.75ms, Snap P99=2.08ms
[2026-06-24T09:05:12.932Z] Telemetry Appended: Heap=127.31MB, Ping P99=1.60ms, Snap P99=1.65ms
[2026-06-24T09:06:12.934Z] Telemetry Appended: Heap=127.37MB, Ping P99=1.66ms, Snap P99=1.62ms
[2026-06-24T09:07:12.936Z] Telemetry Appended: Heap=127.41MB, Ping P99=1.70ms, Snap P99=1.92ms
[2026-06-24T09:08:12.933Z] Telemetry Appended: Heap=127.48MB, Ping P99=1.66ms, Snap P99=1.64ms
[2026-06-24T09:09:12.937Z] Telemetry Appended: Heap=127.49MB, Ping P99=1.45ms, Snap P99=1.27ms
[2026-06-24T09:10:12.942Z] Telemetry Appended: Heap=128.28MB, Ping P99=1.58ms, Snap P99=1.59ms
[2026-06-24T09:11:12.944Z] Telemetry Appended: Heap=128.33MB, Ping P99=1.63ms, Snap P99=1.98ms
[2026-06-24T09:12:12.946Z] Telemetry Appended: Heap=128.36MB, Ping P99=1.71ms, Snap P99=1.87ms
[2026-06-24T09:13:12.950Z] Telemetry Appended: Heap=128.37MB, Ping P99=1.73ms, Snap P99=1.86ms
[2026-06-24T09:14:12.955Z] Telemetry Appended: Heap=128.39MB, Ping P99=1.40ms, Snap P99=1.23ms
[2026-06-24T09:15:12.957Z] Telemetry Appended: Heap=128.41MB, Ping P99=1.79ms, Snap P99=1.58ms
[2026-06-24T09:16:12.959Z] Telemetry Appended: Heap=128.43MB, Ping P99=1.76ms, Snap P99=0.79ms
[2026-06-24T09:17:12.960Z] Telemetry Appended: Heap=128.45MB, Ping P99=1.58ms, Snap P99=1.26ms
[2026-06-24T09:18:12.964Z] Telemetry Appended: Heap=128.47MB, Ping P99=1.65ms, Snap P99=1.40ms
[2026-06-24T09:19:12.968Z] Telemetry Appended: Heap=128.54MB, Ping P99=1.50ms, Snap P99=1.22ms
[2026-06-24T09:20:12.973Z] Telemetry Appended: Heap=128.56MB, Ping P99=1.50ms, Snap P99=1.66ms
[2026-06-24T09:21:12.975Z] Telemetry Appended: Heap=128.58MB, Ping P99=1.66ms, Snap P99=1.87ms
[2026-06-24T09:22:12.976Z] Telemetry Appended: Heap=128.60MB, Ping P99=1.63ms, Snap P99=1.91ms
[2026-06-24T09:23:12.977Z] Telemetry Appended: Heap=128.60MB, Ping P99=1.74ms, Snap P99=1.86ms
[2026-06-24T09:24:12.980Z] Telemetry Appended: Heap=128.73MB, Ping P99=1.42ms, Snap P99=1.41ms
[2026-06-24T09:25:12.983Z] Telemetry Appended: Heap=128.76MB, Ping P99=1.63ms, Snap P99=1.12ms
[2026-06-24T09:26:12.983Z] Telemetry Appended: Heap=128.82MB, Ping P99=1.68ms, Snap P99=1.46ms
[2026-06-24T09:27:12.990Z] Telemetry Appended: Heap=128.83MB, Ping P99=1.48ms, Snap P99=1.39ms
[2026-06-24T09:28:12.993Z] Telemetry Appended: Heap=128.86MB, Ping P99=1.71ms, Snap P99=1.28ms
[2026-06-24T09:29:12.995Z] Telemetry Appended: Heap=128.89MB, Ping P99=1.69ms, Snap P99=1.28ms
[2026-06-24T09:30:12.996Z] Telemetry Appended: Heap=128.92MB, Ping P99=1.57ms, Snap P99=1.13ms
[2026-06-24T09:31:12.999Z] Telemetry Appended: Heap=128.98MB, Ping P99=1.57ms, Snap P99=1.46ms
[2026-06-24T09:32:13.002Z] Telemetry Appended: Heap=128.98MB, Ping P99=1.41ms, Snap P99=1.38ms
[2026-06-24T09:33:13.007Z] Telemetry Appended: Heap=129.01MB, Ping P99=1.50ms, Snap P99=0.80ms
[2026-06-24T09:34:13.009Z] Telemetry Appended: Heap=129.03MB, Ping P99=1.59ms, Snap P99=1.74ms
[2026-06-24T09:35:13.012Z] Telemetry Appended: Heap=129.05MB, Ping P99=1.64ms, Snap P99=1.73ms
[2026-06-24T09:36:13.012Z] Telemetry Appended: Heap=129.08MB, Ping P99=1.56ms, Snap P99=1.32ms
[2026-06-24T09:37:13.016Z] Telemetry Appended: Heap=129.08MB, Ping P99=1.66ms, Snap P99=1.32ms
[2026-06-24T09:38:13.021Z] Telemetry Appended: Heap=129.11MB, Ping P99=1.25ms, Snap P99=1.20ms
[2026-06-24T09:39:13.025Z] Telemetry Appended: Heap=129.13MB, Ping P99=1.26ms, Snap P99=0.81ms
[2026-06-24T09:40:13.024Z] Telemetry Appended: Heap=129.15MB, Ping P99=1.62ms, Snap P99=1.09ms
[2026-06-24T09:41:13.025Z] Telemetry Appended: Heap=129.20MB, Ping P99=1.51ms, Snap P99=1.04ms
[2026-06-24T09:42:13.031Z] Telemetry Appended: Heap=129.23MB, Ping P99=1.63ms, Snap P99=1.83ms
[2026-06-24T09:43:13.034Z] Telemetry Appended: Heap=129.25MB, Ping P99=1.44ms, Snap P99=1.58ms
[2026-06-24T09:44:13.036Z] Telemetry Appended: Heap=129.24MB, Ping P99=1.33ms, Snap P99=1.38ms
[2026-06-24T09:45:13.037Z] Telemetry Appended: Heap=129.98MB, Ping P99=1.53ms, Snap P99=1.71ms
[2026-06-24T09:46:13.045Z] Telemetry Appended: Heap=129.95MB, Ping P99=1.62ms, Snap P99=1.69ms
[2026-06-24T09:47:13.048Z] Telemetry Appended: Heap=129.94MB, Ping P99=1.62ms, Snap P99=1.58ms
[2026-06-24T09:48:13.051Z] Telemetry Appended: Heap=129.93MB, Ping P99=1.57ms, Snap P99=1.29ms
[2026-06-24T09:49:13.053Z] Telemetry Appended: Heap=129.95MB, Ping P99=1.62ms, Snap P99=1.76ms
[2026-06-24T09:50:13.053Z] Telemetry Appended: Heap=129.95MB, Ping P99=1.25ms, Snap P99=1.02ms
[2026-06-24T09:51:13.056Z] Telemetry Appended: Heap=129.92MB, Ping P99=1.55ms, Snap P99=0.91ms
[2026-06-24T09:52:13.063Z] Telemetry Appended: Heap=129.90MB, Ping P99=1.58ms, Snap P99=1.39ms
[2026-06-24T09:53:13.063Z] Telemetry Appended: Heap=129.90MB, Ping P99=1.45ms, Snap P99=1.09ms
[2026-06-24T09:54:13.065Z] Telemetry Appended: Heap=129.88MB, Ping P99=1.66ms, Snap P99=1.37ms
[2026-06-24T09:55:13.065Z] Telemetry Appended: Heap=129.86MB, Ping P99=1.84ms, Snap P99=1.86ms
[2026-06-24T09:56:13.067Z] Telemetry Appended: Heap=129.79MB, Ping P99=1.63ms, Snap P99=1.61ms
[2026-06-24T09:57:13.072Z] Telemetry Appended: Heap=130.53MB, Ping P99=1.65ms, Snap P99=1.61ms
[2026-06-24T09:58:13.072Z] Telemetry Appended: Heap=130.51MB, Ping P99=1.58ms, Snap P99=1.82ms
[2026-06-24T09:59:13.073Z] Telemetry Appended: Heap=130.51MB, Ping P99=1.27ms, Snap P99=1.66ms
[2026-06-24T10:00:13.080Z] Telemetry Appended: Heap=130.49MB, Ping P99=1.28ms, Snap P99=1.30ms
[2026-06-24T10:01:13.085Z] Telemetry Appended: Heap=130.47MB, Ping P99=1.36ms, Snap P99=1.07ms
[2026-06-24T10:02:13.088Z] Telemetry Appended: Heap=130.45MB, Ping P99=1.61ms, Snap P99=1.23ms
[2026-06-24T10:03:13.088Z] Telemetry Appended: Heap=130.44MB, Ping P99=1.70ms, Snap P99=1.35ms
[2026-06-24T10:04:13.088Z] Telemetry Appended: Heap=130.40MB, Ping P99=1.56ms, Snap P99=1.26ms
[2026-06-24T10:05:13.092Z] Telemetry Appended: Heap=130.32MB, Ping P99=1.57ms, Snap P99=1.01ms
[2026-06-24T10:06:13.095Z] Telemetry Appended: Heap=130.27MB, Ping P99=1.51ms, Snap P99=1.70ms
[2026-06-24T10:07:13.099Z] Telemetry Appended: Heap=130.97MB, Ping P99=1.54ms, Snap P99=1.28ms
[2026-06-24T10:08:13.099Z] Telemetry Appended: Heap=130.92MB, Ping P99=1.68ms, Snap P99=1.68ms
[2026-06-24T10:09:13.102Z] Telemetry Appended: Heap=130.86MB, Ping P99=1.63ms, Snap P99=1.67ms
[2026-06-24T10:10:13.105Z] Telemetry Appended: Heap=130.79MB, Ping P99=1.60ms, Snap P99=1.56ms
[2026-06-24T10:11:13.110Z] Telemetry Appended: Heap=130.73MB, Ping P99=1.55ms, Snap P99=1.74ms
[2026-06-24T10:12:13.113Z] Telemetry Appended: Heap=130.68MB, Ping P99=1.65ms, Snap P99=1.89ms
[2026-06-24T10:13:13.113Z] Telemetry Appended: Heap=130.57MB, Ping P99=1.67ms, Snap P99=1.65ms
[2026-06-24T10:14:13.119Z] Telemetry Appended: Heap=131.25MB, Ping P99=1.70ms, Snap P99=1.82ms
[2026-06-24T10:15:13.121Z] Telemetry Appended: Heap=131.20MB, Ping P99=1.63ms, Snap P99=1.56ms
[2026-06-24T10:16:13.125Z] Telemetry Appended: Heap=131.14MB, Ping P99=1.75ms, Snap P99=1.79ms
[2026-06-24T10:17:13.126Z] Telemetry Appended: Heap=131.09MB, Ping P99=1.73ms, Snap P99=1.92ms
[2026-06-24T10:18:13.127Z] Telemetry Appended: Heap=131.03MB, Ping P99=1.68ms, Snap P99=1.98ms
[2026-06-24T10:19:13.131Z] Telemetry Appended: Heap=130.96MB, Ping P99=1.60ms, Snap P99=1.74ms
[2026-06-24T10:20:13.134Z] Telemetry Appended: Heap=130.88MB, Ping P99=1.63ms, Snap P99=1.58ms
[2026-06-24T10:21:13.136Z] Telemetry Appended: Heap=131.59MB, Ping P99=1.48ms, Snap P99=1.33ms
[2026-06-24T10:22:13.140Z] Telemetry Appended: Heap=131.53MB, Ping P99=1.44ms, Snap P99=1.27ms
[2026-06-24T10:23:13.139Z] Telemetry Appended: Heap=131.48MB, Ping P99=1.40ms, Snap P99=1.10ms
[2026-06-24T10:24:13.144Z] Telemetry Appended: Heap=131.41MB, Ping P99=1.53ms, Snap P99=1.21ms
[2026-06-24T10:25:13.149Z] Telemetry Appended: Heap=131.36MB, Ping P99=1.38ms, Snap P99=1.72ms
[2026-06-24T10:26:13.150Z] Telemetry Appended: Heap=131.31MB, Ping P99=1.30ms, Snap P99=1.25ms
[2026-06-24T10:27:13.154Z] Telemetry Appended: Heap=131.20MB, Ping P99=1.70ms, Snap P99=1.48ms
[2026-06-24T10:28:13.153Z] Telemetry Appended: Heap=131.91MB, Ping P99=1.50ms, Snap P99=1.14ms
[2026-06-24T10:29:13.156Z] Telemetry Appended: Heap=131.80MB, Ping P99=1.15ms, Snap P99=1.01ms
[2026-06-24T10:30:13.159Z] Telemetry Appended: Heap=131.70MB, Ping P99=1.20ms, Snap P99=1.37ms
[2026-06-24T10:31:13.162Z] Telemetry Appended: Heap=131.61MB, Ping P99=1.60ms, Snap P99=1.06ms
[2026-06-24T10:32:13.165Z] Telemetry Appended: Heap=131.52MB, Ping P99=1.59ms, Snap P99=1.70ms
[2026-06-24T10:33:13.170Z] Telemetry Appended: Heap=131.49MB, Ping P99=1.90ms, Snap P99=1.76ms
[2026-06-24T10:34:13.173Z] Telemetry Appended: Heap=132.17MB, Ping P99=1.66ms, Snap P99=1.70ms
[2026-06-24T10:35:13.177Z] Telemetry Appended: Heap=132.12MB, Ping P99=1.67ms, Snap P99=1.86ms
[2026-06-24T10:36:13.179Z] Telemetry Appended: Heap=132.03MB, Ping P99=1.57ms, Snap P99=1.54ms
[2026-06-24T10:37:13.181Z] Telemetry Appended: Heap=132.00MB, Ping P99=1.56ms, Snap P99=1.34ms
[2026-06-24T10:38:13.187Z] Telemetry Appended: Heap=131.91MB, Ping P99=1.63ms, Snap P99=1.75ms
[2026-06-24T10:39:13.187Z] Telemetry Appended: Heap=131.82MB, Ping P99=1.48ms, Snap P99=1.20ms
[2026-06-24T10:40:13.192Z] Telemetry Appended: Heap=131.78MB, Ping P99=1.49ms, Snap P99=0.92ms
[2026-06-24T10:41:13.193Z] Telemetry Appended: Heap=132.47MB, Ping P99=1.30ms, Snap P99=1.12ms
[2026-06-24T10:42:13.193Z] Telemetry Appended: Heap=132.40MB, Ping P99=1.28ms, Snap P99=1.33ms
[2026-06-24T10:43:13.199Z] Telemetry Appended: Heap=132.30MB, Ping P99=1.42ms, Snap P99=1.30ms
[2026-06-24T10:44:13.202Z] Telemetry Appended: Heap=132.22MB, Ping P99=1.65ms, Snap P99=1.52ms
[2026-06-24T10:45:13.205Z] Telemetry Appended: Heap=132.12MB, Ping P99=1.67ms, Snap P99=1.84ms
[2026-06-24T10:46:13.206Z] Telemetry Appended: Heap=132.05MB, Ping P99=1.64ms, Snap P99=1.29ms
[2026-06-24T10:47:13.206Z] Telemetry Appended: Heap=132.75MB, Ping P99=1.66ms, Snap P99=1.51ms
[2026-06-24T10:48:13.212Z] Telemetry Appended: Heap=132.66MB, Ping P99=1.64ms, Snap P99=1.40ms
[2026-06-24T10:49:13.212Z] Telemetry Appended: Heap=132.57MB, Ping P99=1.49ms, Snap P99=1.09ms
[2026-06-24T10:50:13.215Z] Telemetry Appended: Heap=132.48MB, Ping P99=1.50ms, Snap P99=1.40ms
[2026-06-24T10:51:13.218Z] Telemetry Appended: Heap=132.38MB, Ping P99=1.61ms, Snap P99=1.78ms
[2026-06-24T10:52:13.216Z] Telemetry Appended: Heap=132.31MB, Ping P99=1.51ms, Snap P99=1.67ms
[2026-06-24T10:53:13.221Z] Telemetry Appended: Heap=132.99MB, Ping P99=1.60ms, Snap P99=1.75ms
[2026-06-24T10:54:13.225Z] Telemetry Appended: Heap=132.90MB, Ping P99=1.59ms, Snap P99=1.70ms
[2026-06-24T10:55:13.228Z] Telemetry Appended: Heap=132.80MB, Ping P99=1.39ms, Snap P99=1.14ms
[2026-06-24T10:56:13.228Z] Telemetry Appended: Heap=132.71MB, Ping P99=1.54ms, Snap P99=1.50ms
[2026-06-24T10:57:13.232Z] Telemetry Appended: Heap=132.60MB, Ping P99=1.70ms, Snap P99=1.13ms
[2026-06-24T10:58:13.237Z] Telemetry Appended: Heap=132.57MB, Ping P99=1.51ms, Snap P99=1.23ms
[2026-06-24T10:59:13.241Z] Telemetry Appended: Heap=133.38MB, Ping P99=1.27ms, Snap P99=1.06ms
[2026-06-24T11:00:13.242Z] Telemetry Appended: Heap=133.36MB, Ping P99=1.39ms, Snap P99=1.50ms
[2026-06-24T11:01:13.241Z] Telemetry Appended: Heap=133.31MB, Ping P99=1.37ms, Snap P99=1.20ms
[2026-06-24T11:02:13.246Z] Telemetry Appended: Heap=133.21MB, Ping P99=1.57ms, Snap P99=1.12ms
[2026-06-24T11:03:13.248Z] Telemetry Appended: Heap=133.11MB, Ping P99=1.39ms, Snap P99=0.98ms
[2026-06-24T11:04:13.253Z] Telemetry Appended: Heap=133.76MB, Ping P99=1.30ms, Snap P99=1.38ms
[2026-06-24T11:05:13.253Z] Telemetry Appended: Heap=133.67MB, Ping P99=1.29ms, Snap P99=1.26ms
[2026-06-24T11:06:13.256Z] Telemetry Appended: Heap=133.55MB, Ping P99=1.58ms, Snap P99=1.51ms
[2026-06-24T11:07:13.261Z] Telemetry Appended: Heap=133.40MB, Ping P99=1.61ms, Snap P99=1.43ms
[2026-06-24T11:08:13.263Z] Telemetry Appended: Heap=133.24MB, Ping P99=1.33ms, Snap P99=1.62ms
[2026-06-24T11:09:13.265Z] Telemetry Appended: Heap=133.88MB, Ping P99=1.74ms, Snap P99=1.57ms
[2026-06-24T11:10:13.267Z] Telemetry Appended: Heap=133.76MB, Ping P99=1.53ms, Snap P99=1.62ms
[2026-06-24T11:11:13.267Z] Telemetry Appended: Heap=133.63MB, Ping P99=1.44ms, Snap P99=1.69ms
[2026-06-24T11:12:13.273Z] Telemetry Appended: Heap=133.49MB, Ping P99=1.26ms, Snap P99=0.89ms
[2026-06-24T11:13:13.277Z] Telemetry Appended: Heap=134.16MB, Ping P99=1.44ms, Snap P99=1.52ms
[2026-06-24T11:14:13.281Z] Telemetry Appended: Heap=134.07MB, Ping P99=1.32ms, Snap P99=1.29ms
[2026-06-24T11:15:13.281Z] Telemetry Appended: Heap=133.94MB, Ping P99=1.34ms, Snap P99=1.16ms
[2026-06-24T11:16:13.281Z] Telemetry Appended: Heap=133.82MB, Ping P99=1.44ms, Snap P99=1.14ms
[2026-06-24T11:17:13.285Z] Telemetry Appended: Heap=133.64MB, Ping P99=1.48ms, Snap P99=1.33ms
[2026-06-24T11:18:13.289Z] Telemetry Appended: Heap=134.30MB, Ping P99=1.53ms, Snap P99=1.56ms
[2026-06-24T11:19:13.291Z] Telemetry Appended: Heap=134.19MB, Ping P99=1.50ms, Snap P99=1.54ms
[2026-06-24T11:20:13.293Z] Telemetry Appended: Heap=134.06MB, Ping P99=1.47ms, Snap P99=1.63ms
[2026-06-24T11:21:13.297Z] Telemetry Appended: Heap=133.92MB, Ping P99=1.50ms, Snap P99=1.39ms
[2026-06-24T11:22:13.303Z] Telemetry Appended: Heap=134.56MB, Ping P99=1.55ms, Snap P99=1.50ms
[2026-06-24T11:23:13.304Z] Telemetry Appended: Heap=134.47MB, Ping P99=1.52ms, Snap P99=1.60ms
[2026-06-24T11:24:13.306Z] Telemetry Appended: Heap=134.35MB, Ping P99=1.52ms, Snap P99=1.73ms
[2026-06-24T11:25:13.307Z] Telemetry Appended: Heap=134.23MB, Ping P99=1.19ms, Snap P99=1.43ms
[2026-06-24T11:26:13.313Z] Telemetry Appended: Heap=134.04MB, Ping P99=1.41ms, Snap P99=1.46ms
[2026-06-24T11:27:13.316Z] Telemetry Appended: Heap=134.69MB, Ping P99=1.52ms, Snap P99=0.96ms
[2026-06-24T11:28:13.318Z] Telemetry Appended: Heap=134.56MB, Ping P99=1.18ms, Snap P99=0.76ms
[2026-06-24T11:29:13.322Z] Telemetry Appended: Heap=134.44MB, Ping P99=1.25ms, Snap P99=1.12ms
[2026-06-24T11:30:13.323Z] Telemetry Appended: Heap=134.31MB, Ping P99=1.55ms, Snap P99=1.67ms
[2026-06-24T11:31:13.328Z] Telemetry Appended: Heap=134.93MB, Ping P99=1.53ms, Snap P99=1.53ms
[2026-06-24T11:32:13.330Z] Telemetry Appended: Heap=134.84MB, Ping P99=1.51ms, Snap P99=1.22ms
[2026-06-24T11:33:13.332Z] Telemetry Appended: Heap=134.72MB, Ping P99=1.51ms, Snap P99=1.27ms
[2026-06-24T11:34:13.333Z] Telemetry Appended: Heap=134.59MB, Ping P99=1.54ms, Snap P99=1.57ms
[2026-06-24T11:35:13.333Z] Telemetry Appended: Heap=134.43MB, Ping P99=1.43ms, Snap P99=1.57ms
[2026-06-24T11:36:13.339Z] Telemetry Appended: Heap=135.05MB, Ping P99=1.53ms, Snap P99=1.62ms
[2026-06-24T11:37:13.341Z] Telemetry Appended: Heap=134.92MB, Ping P99=1.47ms, Snap P99=1.34ms
[2026-06-24T11:38:13.344Z] Telemetry Appended: Heap=134.80MB, Ping P99=1.49ms, Snap P99=1.37ms
[2026-06-24T11:39:13.347Z] Telemetry Appended: Heap=134.67MB, Ping P99=1.58ms, Snap P99=1.32ms
[2026-06-24T11:40:13.350Z] Telemetry Appended: Heap=135.30MB, Ping P99=1.22ms, Snap P99=1.14ms
[2026-06-24T11:41:13.355Z] Telemetry Appended: Heap=135.21MB, Ping P99=1.54ms, Snap P99=1.20ms
[2026-06-24T11:42:13.355Z] Telemetry Appended: Heap=135.08MB, Ping P99=1.59ms, Snap P99=1.14ms
[2026-06-24T11:43:13.358Z] Telemetry Appended: Heap=134.95MB, Ping P99=1.48ms, Snap P99=1.09ms
[2026-06-24T11:44:13.360Z] Telemetry Appended: Heap=134.81MB, Ping P99=1.60ms, Snap P99=1.53ms
[2026-06-24T11:45:13.364Z] Telemetry Appended: Heap=135.43MB, Ping P99=1.52ms, Snap P99=1.47ms
[2026-06-24T11:46:13.367Z] Telemetry Appended: Heap=135.30MB, Ping P99=1.56ms, Snap P99=1.75ms
[2026-06-24T11:47:13.369Z] Telemetry Appended: Heap=135.18MB, Ping P99=1.22ms, Snap P99=1.41ms
[2026-06-24T11:48:13.371Z] Telemetry Appended: Heap=135.05MB, Ping P99=1.27ms, Snap P99=1.09ms
[2026-06-24T11:49:13.370Z] Telemetry Appended: Heap=135.69MB, Ping P99=1.60ms, Snap P99=1.65ms
6-06-24T11:48:09.691Z] Telemetry Appended: Heap=134.91MB, Ping P99=1.33ms, Snap P99=8.69ms
[2026-06-24T11:49:09.695Z] Telemetry Appended: Heap=134.93MB, Ping P99=1.25ms, Snap P99=8.03ms
[2026-06-24T11:50:09.698Z] Telemetry Appended: Heap=134.94MB, Ping P99=1.52ms, Snap P99=55.00ms
[2026-06-24T11:51:09.700Z] Telemetry Appended: Heap=134.97MB, Ping P99=1.57ms, Snap P99=9.84ms
[2026-06-24T11:52:09.700Z] Telemetry Appended: Heap=135.02MB, Ping P99=1.31ms, Snap P99=51.95ms
[2026-06-24T11:53:09.707Z] Telemetry Appended: Heap=135.00MB, Ping P99=1.48ms, Snap P99=12.25ms
[2026-06-24T11:54:09.711Z] Telemetry Appended: Heap=135.04MB, Ping P99=11.10ms, Snap P99=32.76ms
[2026-06-24T11:55:09.715Z] Telemetry Appended: Heap=135.08MB, Ping P99=1.47ms, Snap P99=10.24ms
[2026-06-24T11:56:09.714Z] Telemetry Appended: Heap=131.71MB, Ping P99=1.50ms, Snap P99=34.13ms
[2026-06-24T11:57:09.717Z] Telemetry Appended: Heap=132.60MB, Ping P99=1.45ms, Snap P99=10.03ms
[2026-06-24T11:58:09.719Z] Telemetry Appended: Heap=128.12MB, Ping P99=1.51ms, Snap P99=33.39ms
[2026-06-24T11:59:09.724Z] Telemetry Appended: Heap=132.33MB, Ping P99=1.33ms, Snap P99=37.38ms
[2026-06-24T12:00:09.728Z] Telemetry Appended: Heap=133.46MB, Ping P99=1.50ms, Snap P99=10.29ms
[2026-06-24T12:01:09.729Z] Telemetry Appended: Heap=133.45MB, Ping P99=1.58ms, Snap P99=34.15ms
[2026-06-24T12:02:09.725Z] Telemetry Appended: Heap=0MB, Ping P99=1.99ms, Snap P99=35.01ms
[2026-06-24T12:03:09.730Z] Telemetry Appended: Heap=0MB, Ping P99=1.19ms, Snap P99=0.74ms
[2026-06-24T12:04:09.735Z] Telemetry Appended: Heap=0MB, Ping P99=2.46ms, Snap P99=1.12ms
[2026-06-24T12:05:09.737Z] Telemetry Appended: Heap=0MB, Ping P99=0.97ms, Snap P99=1.15ms
[2026-06-24T12:06:09.738Z] Telemetry Appended: Heap=0MB, Ping P99=0.93ms, Snap P99=1.06ms
[2026-06-24T12:07:09.739Z] Telemetry Appended: Heap=0MB, Ping P99=0.99ms, Snap P99=0.85ms
[2026-06-24T12:08:09.743Z] Telemetry Appended: Heap=0MB, Ping P99=1.13ms, Snap P99=0.74ms
[2026-06-24T12:09:09.745Z] Telemetry Appended: Heap=0MB, Ping P99=1.08ms, Snap P99=0.43ms
[2026-06-24T12:10:09.747Z] Telemetry Appended: Heap=0MB, Ping P99=1.05ms, Snap P99=0.39ms
[2026-06-24T12:11:09.748Z] Telemetry Appended: Heap=0MB, Ping P99=1.78ms, Snap P99=0.87ms
[2026-06-24T12:12:09.753Z] Telemetry Appended: Heap=0MB, Ping P99=0.73ms, Snap P99=0.41ms
[2026-06-24T12:13:09.757Z] Telemetry Appended: Heap=0MB, Ping P99=1.06ms, Snap P99=0.47ms
[2026-06-24T12:14:09.761Z] Telemetry Appended: Heap=0MB, Ping P99=0.91ms, Snap P99=0.76ms
[2026-06-24T12:15:09.762Z] Telemetry Appended: Heap=0MB, Ping P99=1.43ms, Snap P99=0.97ms
[2026-06-24T12:16:09.763Z] Telemetry Appended: Heap=0MB, Ping P99=0.82ms, Snap P99=0.58ms
[2026-06-24T12:17:09.767Z] Telemetry Appended: Heap=0MB, Ping P99=1.03ms, Snap P99=0.45ms
[2026-06-24T12:18:09.772Z] Telemetry Appended: Heap=0MB, Ping P99=0.93ms, Snap P99=0.95ms
[2026-06-24T12:19:09.773Z] Telemetry Appended: Heap=0MB, Ping P99=1.01ms, Snap P99=0.93ms
[2026-06-24T12:20:09.773Z] Telemetry Appended: Heap=0MB, Ping P99=2.60ms, Snap P99=0.79ms
[2026-06-24T12:21:09.774Z] Telemetry Appended: Heap=0MB, Ping P99=1.10ms, Snap P99=0.48ms
[2026-06-24T12:22:09.778Z] Telemetry Appended: Heap=0MB, Ping P99=1.05ms, Snap P99=0.48ms
[2026-06-24T12:23:09.782Z] Telemetry Appended: Heap=0MB, Ping P99=0.78ms, Snap P99=0.44ms
[2026-06-24T12:24:09.784Z] Telemetry Appended: Heap=0MB, Ping P99=0.94ms, Snap P99=0.91ms
[2026-06-24T12:25:09.785Z] Telemetry Appended: Heap=0MB, Ping P99=0.73ms, Snap P99=0.43ms
[2026-06-24T12:26:09.790Z] Telemetry Appended: Heap=0MB, Ping P99=1.24ms, Snap P99=0.58ms
[2026-06-24T12:27:09.794Z] Telemetry Appended: Heap=0MB, Ping P99=1.08ms, Snap P99=0.45ms
[2026-06-24T12:28:09.796Z] Telemetry Appended: Heap=0MB, Ping P99=1.05ms, Snap P99=0.98ms
[2026-06-24T12:29:09.800Z] Telemetry Appended: Heap=0MB, Ping P99=1.52ms, Snap P99=0.91ms
[2026-06-24T12:30:09.799Z] Telemetry Appended: Heap=0MB, Ping P99=1.09ms, Snap P99=0.66ms
[2026-06-24T12:31:09.804Z] Telemetry Appended: Heap=0MB, Ping P99=1.16ms, Snap P99=0.97ms
[2026-06-24T12:32:09.807Z] Telemetry Appended: Heap=0MB, Ping P99=1.03ms, Snap P99=0.91ms
[2026-06-24T12:33:09.811Z] Telemetry Appended: Heap=0MB, Ping P99=1.40ms, Snap P99=0.86ms
[2026-06-24T12:34:09.812Z] Telemetry Appended: Heap=0MB, Ping P99=1.03ms, Snap P99=0.68ms
[2026-06-24T12:35:09.812Z] Telemetry Appended: Heap=0MB, Ping P99=1.87ms, Snap P99=1.01ms
[2026-06-24T12:36:09.817Z] Telemetry Appended: Heap=0MB, Ping P99=1.03ms, Snap P99=0.97ms
[2026-06-24T12:37:09.820Z] Telemetry Appended: Heap=0MB, Ping P99=1.03ms, Snap P99=0.79ms
[2026-06-24T12:38:09.822Z] Telemetry Appended: Heap=0MB, Ping P99=1.04ms, Snap P99=0.81ms
[2026-06-24T12:39:09.822Z] Telemetry Appended: Heap=0MB, Ping P99=1.21ms, Snap P99=1.00ms
[2026-06-24T12:40:09.826Z] Telemetry Appended: Heap=0MB, Ping P99=0.95ms, Snap P99=0.49ms
[2026-06-24T12:41:09.830Z] Telemetry Appended: Heap=0MB, Ping P99=1.11ms, Snap P99=0.37ms
[2026-06-24T12:42:09.831Z] Telemetry Appended: Heap=0MB, Ping P99=0.94ms, Snap P99=0.35ms
[2026-06-24T12:43:09.832Z] Telemetry Appended: Heap=0MB, Ping P99=0.98ms, Snap P99=0.91ms
[2026-06-24T12:44:09.833Z] Telemetry Appended: Heap=0MB, Ping P99=0.92ms, Snap P99=0.52ms
[2026-06-24T12:45:09.838Z] Telemetry Appended: Heap=0MB, Ping P99=0.94ms, Snap P99=0.91ms
[2026-06-24T12:46:09.840Z] Telemetry Appended: Heap=0MB, Ping P99=1.11ms, Snap P99=0.44ms
[2026-06-24T12:47:09.845Z] Telemetry Appended: Heap=0MB, Ping P99=0.98ms, Snap P99=1.53ms
[2026-06-24T12:48:09.844Z] Telemetry Appended: Heap=0MB, Ping P99=1.98ms, Snap P99=1.00ms
[2026-06-24T12:49:09.844Z] Telemetry Appended: Heap=0MB, Ping P99=1.72ms, Snap P99=1.04ms
[2026-06-24T12:50:09.847Z] Telemetry Appended: Heap=0MB, Ping P99=1.58ms, Snap P99=1.04ms
[2026-06-24T12:51:09.850Z] Telemetry Appended: Heap=0MB, Ping P99=1.17ms, Snap P99=0.94ms
[2026-06-24T12:52:09.853Z] Telemetry Appended: Heap=0MB, Ping P99=1.22ms, Snap P99=0.89ms
[2026-06-24T12:53:09.853Z] Telemetry Appended: Heap=0MB, Ping P99=0.99ms, Snap P99=1.04ms
[2026-06-24T12:54:09.858Z] Telemetry Appended: Heap=0MB, Ping P99=1.57ms, Snap P99=0.52ms
[2026-06-24T12:55:09.862Z] Telemetry Appended: Heap=0MB, Ping P99=1.06ms, Snap P99=0.91ms
[2026-06-24T12:56:09.863Z] Telemetry Appended: Heap=0MB, Ping P99=1.87ms, Snap P99=0.88ms
[2026-06-24T12:57:09.866Z] Telemetry Appended: Heap=0MB, Ping P99=1.01ms, Snap P99=0.41ms
[2026-06-24T12:58:09.866Z] Telemetry Appended: Heap=0MB, Ping P99=1.04ms, Snap P99=0.97ms
[2026-06-24T12:59:09.872Z] Telemetry Appended: Heap=0MB, Ping P99=2.01ms, Snap P99=1.03ms
[2026-06-24T13:00:09.876Z] Telemetry Appended: Heap=0MB, Ping P99=1.67ms, Snap P99=0.92ms
[2026-06-24T13:01:09.879Z] Telemetry Appended: Heap=0MB, Ping P99=1.85ms, Snap P99=0.80ms
[2026-06-24T13:02:09.879Z] Telemetry Appended: Heap=0MB, Ping P99=2.21ms, Snap P99=0.97ms
[2026-06-24T13:03:09.882Z] Telemetry Appended: Heap=0MB, Ping P99=1.28ms, Snap P99=0.63ms
[2026-06-24T13:04:09.888Z] Telemetry Appended: Heap=0MB, Ping P99=1.94ms, Snap P99=0.93ms
[2026-06-24T13:05:09.890Z] Telemetry Appended: Heap=0MB, Ping P99=1.05ms, Snap P99=0.95ms
[2026-06-24T13:06:09.892Z] Telemetry Appended: Heap=0MB, Ping P99=1.47ms, Snap P99=1.29ms
[2026-06-24T13:07:09.892Z] Telemetry Appended: Heap=0MB, Ping P99=1.06ms, Snap P99=2.10ms
[2026-06-24T13:08:09.897Z] Telemetry Appended: Heap=0MB, Ping P99=1.62ms, Snap P99=0.99ms
[2026-06-24T13:09:09.897Z] Telemetry Appended: Heap=0MB, Ping P99=1.72ms, Snap P99=0.89ms
[2026-06-24T13:10:09.901Z] Telemetry Appended: Heap=0MB, Ping P99=1.72ms, Snap P99=1.01ms
[2026-06-24T13:11:09.902Z] Telemetry Appended: Heap=0MB, Ping P99=1.50ms, Snap P99=0.87ms
[2026-06-24T13:12:09.904Z] Telemetry Appended: Heap=0MB, Ping P99=2.18ms, Snap P99=1.06ms
[2026-06-24T13:13:09.909Z] Telemetry Appended: Heap=0MB, Ping P99=2.01ms, Snap P99=1.01ms
[2026-06-24T13:14:09.910Z] Telemetry Appended: Heap=0MB, Ping P99=1.78ms, Snap P99=0.99ms
[2026-06-24T13:15:09.912Z] Telemetry Appended: Heap=0MB, Ping P99=2.00ms, Snap P99=0.84ms
[2026-06-24T13:16:09.912Z] Telemetry Appended: Heap=0MB, Ping P99=1.05ms, Snap P99=1.01ms
[2026-06-24T13:17:09.916Z] Telemetry Appended: Heap=0MB, Ping P99=1.03ms, Snap P99=1.02ms
[2026-06-24T13:18:09.922Z] Telemetry Appended: Heap=0MB, Ping P99=1.96ms, Snap P99=1.01ms
[2026-06-24T13:19:09.925Z] Telemetry Appended: Heap=0MB, Ping P99=1.25ms, Snap P99=0.98ms
[2026-06-24T13:20:09.925Z] Telemetry Appended: Heap=0MB, Ping P99=1.01ms, Snap P99=0.95ms
[2026-06-24T13:21:09.929Z] Telemetry Appended: Heap=0MB, Ping P99=0.94ms, Snap P99=0.72ms
[2026-06-24T13:22:09.932Z] Telemetry Appended: Heap=0MB, Ping P99=0.95ms, Snap P99=0.45ms
[2026-06-24T13:23:09.935Z] Telemetry Appended: Heap=0MB, Ping P99=0.80ms, Snap P99=0.52ms
[2026-06-24T13:24:09.936Z] Telemetry Appended: Heap=0MB, Ping P99=0.93ms, Snap P99=0.88ms
[2026-06-24T13:25:09.938Z] Telemetry Appended: Heap=0MB, Ping P99=0.92ms, Snap P99=0.70ms
[2026-06-24T13:26:09.942Z] Telemetry Appended: Heap=0MB, Ping P99=1.37ms, Snap P99=0.85ms
[2026-06-24T13:27:09.946Z] Telemetry Appended: Heap=0MB, Ping P99=1.49ms, Snap P99=0.44ms
[2026-06-24T13:28:09.949Z] Telemetry Appended: Heap=0MB, Ping P99=1.01ms, Snap P99=0.69ms
[2026-06-24T13:29:09.951Z] Telemetry Appended: Heap=0MB, Ping P99=0.94ms, Snap P99=0.71ms
[2026-06-24T13:30:09.954Z] Telemetry Appended: Heap=0MB, Ping P99=2.31ms, Snap P99=0.74ms
[2026-06-24T13:31:09.959Z] Telemetry Appended: Heap=0MB, Ping P99=1.83ms, Snap P99=0.40ms
[2026-06-24T13:32:09.961Z] Telemetry Appended: Heap=0MB, Ping P99=0.92ms, Snap P99=0.91ms
[2026-06-24T13:33:09.962Z] Telemetry Appended: Heap=0MB, Ping P99=0.64ms, Snap P99=0.38ms
[2026-06-24T13:34:09.964Z] Telemetry Appended: Heap=0MB, Ping P99=0.93ms, Snap P99=0.89ms
[2026-06-24T13:35:09.967Z] Telemetry Appended: Heap=0MB, Ping P99=0.95ms, Snap P99=0.82ms
[2026-06-24T13:36:09.972Z] Telemetry Appended: Heap=0MB, Ping P99=0.89ms, Snap P99=0.58ms
[2026-06-24T13:37:09.977Z] Telemetry Appended: Heap=0MB, Ping P99=1.83ms, Snap P99=0.87ms
[2026-06-24T13:38:09.977Z] Telemetry Appended: Heap=0MB, Ping P99=1.10ms, Snap P99=0.87ms
[2026-06-24T13:39:09.979Z] Telemetry Appended: Heap=0MB, Ping P99=1.63ms, Snap P99=0.90ms
[2026-06-24T13:40:09.982Z] Telemetry Appended: Heap=0MB, Ping P99=0.94ms, Snap P99=0.73ms
[2026-06-24T13:41:09.986Z] Telemetry Appended: Heap=0MB, Ping P99=0.95ms, Snap P99=0.93ms
[2026-06-24T13:42:09.987Z] Telemetry Appended: Heap=0MB, Ping P99=2.05ms, Snap P99=0.49ms
[2026-06-24T13:43:09.988Z] Telemetry Appended: Heap=0MB, Ping P99=0.95ms, Snap P99=0.92ms
[2026-06-24T13:44:09.993Z] Telemetry Appended: Heap=0MB, Ping P99=0.97ms, Snap P99=0.74ms
[2026-06-24T13:45:09.997Z] Telemetry Appended: Heap=0MB, Ping P99=0.96ms, Snap P99=0.98ms
[2026-06-24T13:46:09.999Z] Telemetry Appended: Heap=0MB, Ping P99=0.99ms, Snap P99=1.09ms
[2026-06-24T13:47:10.001Z] Telemetry Appended: Heap=0MB, Ping P99=1.30ms, Snap P99=0.92ms
[2026-06-24T13:48:10.002Z] Telemetry Appended: Heap=0MB, Ping P99=0.94ms, Snap P99=0.92ms
[2026-06-24T13:49:10.007Z] Telemetry Appended: Heap=0MB, Ping P99=1.01ms, Snap P99=0.89ms
[2026-06-24T13:50:10.010Z] Telemetry Appended: Heap=0MB, Ping P99=0.96ms, Snap P99=0.72ms
[2026-06-24T13:51:10.013Z] Telemetry Appended: Heap=0MB, Ping P99=0.97ms, Snap P99=0.99ms
[2026-06-24T13:52:10.013Z] Telemetry Appended: Heap=0MB, Ping P99=1.10ms, Snap P99=0.96ms
[2026-06-24T13:53:10.018Z] Telemetry Appended: Heap=0MB, Ping P99=2.18ms, Snap P99=0.91ms
[2026-06-24T13:54:10.022Z] Telemetry Appended: Heap=0MB, Ping P99=1.19ms, Snap P99=0.58ms
[2026-06-24T13:55:10.027Z] Telemetry Appended: Heap=0MB, Ping P99=1.00ms, Snap P99=1.16ms
[2026-06-24T13:56:10.028Z] Telemetry Appended: Heap=0MB, Ping P99=0.95ms, Snap P99=0.88ms
[2026-06-24T13:57:10.029Z] Telemetry Appended: Heap=0MB, Ping P99=1.01ms, Snap P99=1.01ms
[2026-06-24T13:58:10.033Z] Telemetry Appended: Heap=0MB, Ping P99=1.00ms, Snap P99=0.86ms
[2026-06-24T13:59:10.038Z] Telemetry Appended: Heap=0MB, Ping P99=1.00ms, Snap P99=0.87ms
[2026-06-24T14:00:10.041Z] Telemetry Appended: Heap=0MB, Ping P99=0.99ms, Snap P99=0.68ms
[2026-06-24T14:01:10.043Z] Telemetry Appended: Heap=0MB, Ping P99=0.96ms, Snap P99=0.89ms
[2026-06-24T14:02:10.043Z] Telemetry Appended: Heap=0MB, Ping P99=1.00ms, Snap P99=0.54ms
[2026-06-24T14:03:10.048Z] Telemetry Appended: Heap=0MB, Ping P99=0.99ms, Snap P99=0.78ms
[2026-06-24T14:04:10.051Z] Telemetry Appended: Heap=0MB, Ping P99=0.90ms, Snap P99=0.77ms
[2026-06-24T14:05:10.052Z] Telemetry Appended: Heap=0MB, Ping P99=0.88ms, Snap P99=0.43ms
[2026-06-24T14:06:10.054Z] Telemetry Appended: Heap=0MB, Ping P99=0.90ms, Snap P99=0.82ms
[2026-06-24T14:07:10.059Z] Telemetry Appended: Heap=0MB, Ping P99=0.99ms, Snap P99=0.98ms
[2026-06-24T14:08:10.064Z] Telemetry Appended: Heap=0MB, Ping P99=0.89ms, Snap P99=0.44ms
[2026-06-24T14:09:10.065Z] Telemetry Appended: Heap=0MB, Ping P99=0.89ms, Snap P99=0.77ms
[2026-06-24T14:10:10.067Z] Telemetry Appended: Heap=0MB, Ping P99=1.39ms, Snap P99=0.90ms
[2026-06-24T14:11:10.068Z] Telemetry Appended: Heap=0MB, Ping P99=0.67ms, Snap P99=0.53ms
[2026-06-24T14:12:10.072Z] Telemetry Appended: Heap=0MB, Ping P99=0.83ms, Snap P99=0.81ms
[2026-06-24T14:13:10.075Z] Telemetry Appended: Heap=0MB, Ping P99=0.95ms, Snap P99=0.86ms
[2026-06-24T14:14:10.079Z] Telemetry Appended: Heap=0MB, Ping P99=0.88ms, Snap P99=0.55ms
[2026-06-24T14:15:10.079Z] Telemetry Appended: Heap=0MB, Ping P99=0.90ms, Snap P99=0.92ms
[2026-06-24T14:16:10.081Z] Telemetry Appended: Heap=0MB, Ping P99=0.93ms, Snap P99=0.75ms
[2026-06-24T14:17:10.086Z] Telemetry Appended: Heap=0MB, Ping P99=1.15ms, Snap P99=0.96ms
[2026-06-24T14:18:10.086Z] Telemetry Appended: Heap=0MB, Ping P99=1.81ms, Snap P99=0.71ms
[2026-06-24T14:19:10.087Z] Telemetry Appended: Heap=0MB, Ping P99=2.00ms, Snap P99=0.92ms
[2026-06-24T14:20:10.090Z] Telemetry Appended: Heap=0MB, Ping P99=0.99ms, Snap P99=0.97ms
[2026-06-24T14:21:10.094Z] Telemetry Appended: Heap=0MB, Ping P99=1.36ms, Snap P99=0.90ms
[2026-06-24T14:22:10.099Z] Telemetry Appended: Heap=0MB, Ping P99=0.96ms, Snap P99=0.91ms
[2026-06-24T14:23:10.102Z] Telemetry Appended: Heap=0MB, Ping P99=0.97ms, Snap P99=0.63ms
[2026-06-24T14:24:10.102Z] Telemetry Appended: Heap=0MB, Ping P99=0.99ms, Snap P99=0.87ms
[2026-06-24T14:25:10.105Z] Telemetry Appended: Heap=0MB, Ping P99=1.03ms, Snap P99=0.82ms
[2026-06-24T14:26:10.107Z] Telemetry Appended: Heap=0MB, Ping P99=0.97ms, Snap P99=0.91ms
[2026-06-24T14:27:10.111Z] Telemetry Appended: Heap=0MB, Ping P99=1.00ms, Snap P99=1.00ms
[2026-06-24T14:28:10.112Z] Telemetry Appended: Heap=0MB, Ping P99=0.98ms, Snap P99=0.56ms
[2026-06-24T14:29:10.113Z] Telemetry Appended: Heap=0MB, Ping P99=1.01ms, Snap P99=0.91ms
[2026-06-24T14:30:10.118Z] Telemetry Appended: Heap=0MB, Ping P99=0.92ms, Snap P99=0.96ms
[2026-06-24T14:31:10.123Z] Telemetry Appended: Heap=0MB, Ping P99=0.99ms, Snap P99=1.00ms
[2026-06-24T14:32:10.126Z] Telemetry Appended: Heap=0MB, Ping P99=0.84ms, Snap P99=0.85ms
[2026-06-24T14:33:10.129Z] Telemetry Appended: Heap=0MB, Ping P99=0.95ms, Snap P99=0.84ms
[2026-06-24T14:34:10.130Z] Telemetry Appended: Heap=0MB, Ping P99=0.98ms, Snap P99=0.87ms
[2026-06-24T14:35:10.134Z] Telemetry Appended: Heap=0MB, Ping P99=0.94ms, Snap P99=0.95ms
[2026-06-24T14:36:10.136Z] Telemetry Appended: Heap=0MB, Ping P99=0.95ms, Snap P99=0.92ms
[2026-06-24T14:37:10.139Z] Telemetry Appended: Heap=0MB, Ping P99=0.93ms, Snap P99=0.81ms
[2026-06-24T14:38:10.141Z] Telemetry Appended: Heap=0MB, Ping P99=0.94ms, Snap P99=0.74ms
[2026-06-24T14:39:10.141Z] Telemetry Appended: Heap=0MB, Ping P99=0.95ms, Snap P99=0.93ms
[2026-06-24T14:40:10.146Z] Telemetry Appended: Heap=0MB, Ping P99=0.95ms, Snap P99=0.96ms
[2026-06-24T14:41:10.148Z] Telemetry Appended: Heap=0MB, Ping P99=0.94ms, Snap P99=0.91ms
[2026-06-24T14:42:10.152Z] Telemetry Appended: Heap=0MB, Ping P99=0.94ms, Snap P99=0.86ms
[2026-06-24T14:43:10.151Z] Telemetry Appended: Heap=0MB, Ping P99=0.93ms, Snap P99=0.82ms
[2026-06-24T14:44:10.156Z] Telemetry Appended: Heap=0MB, Ping P99=0.94ms, Snap P99=0.66ms
[2026-06-24T14:45:10.160Z] Telemetry Appended: Heap=0MB, Ping P99=0.93ms, Snap P99=0.93ms
[2026-06-24T14:46:10.162Z] Telemetry Appended: Heap=0MB, Ping P99=0.93ms, Snap P99=0.91ms
[2026-06-24T14:47:10.164Z] Telemetry Appended: Heap=0MB, Ping P99=1.81ms, Snap P99=0.85ms
[2026-06-24T14:48:10.163Z] Telemetry Appended: Heap=0MB, Ping P99=1.30ms, Snap P99=0.93ms
[2026-06-24T14:49:10.168Z] Telemetry Appended: Heap=0MB, Ping P99=0.96ms, Snap P99=0.89ms
[2026-06-24T14:50:10.171Z] Telemetry Appended: Heap=0MB, Ping P99=0.96ms, Snap P99=0.95ms
[2026-06-24T14:51:10.172Z] Telemetry Appended: Heap=0MB, Ping P99=0.93ms, Snap P99=0.96ms
[2026-06-24T14:52:10.178Z] Telemetry Appended: Heap=0MB, Ping P99=1.23ms, Snap P99=0.87ms
[2026-06-24T14:53:10.181Z] Telemetry Appended: Heap=0MB, Ping P99=1.20ms, Snap P99=0.89ms
[2026-06-24T14:54:10.185Z] Telemetry Appended: Heap=0MB, Ping P99=0.97ms, Snap P99=0.99ms
[2026-06-24T14:55:10.185Z] Telemetry Appended: Heap=0MB, Ping P99=1.03ms, Snap P99=0.99ms
[2026-06-24T14:56:10.186Z] Telemetry Appended: Heap=0MB, Ping P99=1.00ms, Snap P99=0.80ms
[2026-06-24T14:57:10.189Z] Telemetry Appended: Heap=0MB, Ping P99=0.95ms, Snap P99=1.46ms
[2026-06-24T14:58:10.192Z] Telemetry Appended: Heap=0MB, Ping P99=0.90ms, Snap P99=0.56ms
[2026-06-24T14:59:10.195Z] Telemetry Appended: Heap=0MB, Ping P99=1.27ms, Snap P99=1.02ms
[2026-06-24T15:00:10.196Z] Telemetry Appended: Heap=0MB, Ping P99=0.96ms, Snap P99=0.98ms
[2026-06-24T15:01:10.197Z] Telemetry Appended: Heap=0MB, Ping P99=0.94ms, Snap P99=0.91ms
[2026-06-24T15:02:10.200Z] Telemetry Appended: Heap=0MB, Ping P99=0.96ms, Snap P99=0.60ms
[2026-06-24T15:03:10.204Z] Telemetry Appended: Heap=0MB, Ping P99=0.97ms, Snap P99=0.92ms
[2026-06-24T15:04:10.207Z] Telemetry Appended: Heap=0MB, Ping P99=1.06ms, Snap P99=1.02ms
[2026-06-24T15:05:10.207Z] Telemetry Appended: Heap=0MB, Ping P99=0.82ms, Snap P99=0.83ms
[2026-06-24T15:06:10.214Z] Telemetry Appended: Heap=0MB, Ping P99=0.92ms, Snap P99=0.91ms
[2026-06-24T15:07:10.216Z] Telemetry Appended: Heap=0MB, Ping P99=0.96ms, Snap P99=0.90ms
[2026-06-24T15:08:10.219Z] Telemetry Appended: Heap=0MB, Ping P99=0.94ms, Snap P99=0.72ms
[2026-06-24T15:09:10.221Z] Telemetry Appended: Heap=0MB, Ping P99=0.88ms, Snap P99=0.86ms
[2026-06-24T15:10:10.222Z] Telemetry Appended: Heap=0MB, Ping P99=0.86ms, Snap P99=0.89ms
[2026-06-24T15:11:10.227Z] Telemetry Appended: Heap=0MB, Ping P99=0.88ms, Snap P99=0.38ms
[2026-06-24T15:12:10.231Z] Telemetry Appended: Heap=0MB, Ping P99=0.86ms, Snap P99=0.85ms
[2026-06-24T15:13:10.235Z] Telemetry Appended: Heap=0MB, Ping P99=0.88ms, Snap P99=0.83ms
[2026-06-24T15:14:10.234Z] Telemetry Appended: Heap=0MB, Ping P99=0.85ms, Snap P99=0.89ms
[2026-06-24T15:15:10.239Z] Telemetry Appended: Heap=0MB, Ping P99=0.92ms, Snap P99=0.98ms
[2026-06-24T15:16:10.243Z] Telemetry Appended: Heap=0MB, Ping P99=0.85ms, Snap P99=0.79ms
[2026-06-24T15:17:10.245Z] Telemetry Appended: Heap=0MB, Ping P99=0.82ms, Snap P99=0.48ms
[2026-06-24T15:18:10.247Z] Telemetry Appended: Heap=0MB, Ping P99=0.89ms, Snap P99=0.85ms
[2026-06-24T15:19:10.247Z] Telemetry Appended: Heap=0MB, Ping P99=0.88ms, Snap P99=0.84ms
[2026-06-24T15:20:10.251Z] Telemetry Appended: Heap=0MB, Ping P99=0.81ms, Snap P99=0.44ms
[2026-06-24T15:21:10.254Z] Telemetry Appended: Heap=0MB, Ping P99=0.97ms, Snap P99=0.80ms
[2026-06-24T15:22:10.258Z] Telemetry Appended: Heap=0MB, Ping P99=0.91ms, Snap P99=0.34ms
[2026-06-24T15:23:10.257Z] Telemetry Appended: Heap=0MB, Ping P99=1.00ms, Snap P99=0.63ms
[2026-06-24T15:24:10.259Z] Telemetry Appended: Heap=0MB, Ping P99=0.93ms, Snap P99=0.86ms
[2026-06-24T15:25:10.263Z] Telemetry Appended: Heap=0MB, Ping P99=0.95ms, Snap P99=0.63ms
[2026-06-24T15:26:10.266Z] Telemetry Appended: Heap=0MB, Ping P99=0.90ms, Snap P99=0.86ms
[2026-06-24T15:27:10.267Z] Telemetry Appended: Heap=0MB, Ping P99=1.78ms, Snap P99=0.88ms
[2026-06-24T15:28:10.268Z] Telemetry Appended: Heap=0MB, Ping P99=0.93ms, Snap P99=0.79ms
[2026-06-24T15:29:10.273Z] Telemetry Appended: Heap=0MB, Ping P99=0.91ms, Snap P99=0.99ms
[2026-06-24T15:30:10.276Z] Telemetry Appended: Heap=0MB, Ping P99=0.93ms, Snap P99=0.81ms
[2026-06-24T15:31:10.279Z] Telemetry Appended: Heap=0MB, Ping P99=0.91ms, Snap P99=0.87ms
[2026-06-24T15:32:10.282Z] Telemetry Appended: Heap=0MB, Ping P99=0.93ms, Snap P99=0.84ms
[2026-06-24T15:33:10.283Z] Telemetry Appended: Heap=0MB, Ping P99=0.94ms, Snap P99=0.86ms
[2026-06-24T15:34:10.287Z] Telemetry Appended: Heap=0MB, Ping P99=0.93ms, Snap P99=0.95ms
[2026-06-24T15:35:10.291Z] Telemetry Appended: Heap=0MB, Ping P99=0.92ms, Snap P99=0.93ms
[2026-06-24T15:36:10.293Z] Telemetry Appended: Heap=0MB, Ping P99=0.93ms, Snap P99=0.85ms
[2026-06-24T15:37:10.296Z] Telemetry Appended: Heap=0MB, Ping P99=0.92ms, Snap P99=1.11ms
